---
source: pgtrickle-tui/src/views/mod.rs
expression: output
---
┌ Help — Dashboard — press ? or Esc to close ──────────────────────────────────┐
│ Navigation                             Actions                               │
│                                                                              │
│  1        Dashboard                     r        Refresh selected            │
│  2        Detail view                   R        Refresh all                 │
│  3        Dependency graph              Ctrl+R   Force poll now              │
│  4        Refresh log                   /        Filter tables               │
│  5        Diagnostics                   :        Command palette             │
│  6        CDC health                    ?        Toggle help                 │
│  7        Configuration                 q        Quit                        │
│  0        Health checks                 Ctrl+C   Quit                        │
│  9        Alerts                                                             │
│  w        Workers & job queue          Dashboard Tips                        │
│  f        Fuse & circuit breaker                                             │
│  m        Watermarks & gating           / to filter, Enter for detail        │
│  d        Delta SQL inspector           Errors sort to top automatically     │
│  g        Graph view                    EFF column shows cascade staleness   │
│  i        Issues                                                             │
│                                                                              │
│  j / ↓    Move down                                                          │
│  k / ↑    Move up                                                            │
│  Enter    Drill into detail                                                  │
│  Esc      Back / close overlay                                               │
│  Tab      Next pane                                                          │
│                                                                              │
│                                                                              │
│                                                                              │
│                                                                              │
│                                                                              │
└──────────────────────────────────────────────────────────────────────────────┘
