---
source: pgtrickle-tui/src/views/mod.rs
expression: output
---
┌──────────────────────────────────────────────────────────────────────────────┐
│ Delta Inspector — public.orders_live                                         │
└──────────────────────────────────────────────────────────────────────────────┘
┌ Delta SQL ───────────────────────────────────────────────────────────────────┐
│                                                                              │
│ Use the CLI to inspect delta SQL:                                            │
│                                                                              │
│   pgtrickle explain orders_live                                              │
│                                                                              │
│ Available inspections:                                                       │
│                                                                              │
│   pgtrickle explain <name>              Show generated delta SQL             │
│   pgtrickle explain <name> --analyze     Run EXPLAIN ANALYZE on delta        │
│   pgtrickle explain <name> --operators   Show DVM operator tree              │
│   pgtrickle explain <name> --dedup       Show deduplication stats            │
│                                                                              │
│ The delta SQL can be copied and run in psql for further analysis.            │
│                                                                              │
│                                                                              │
│                                                                              │
│                                                                              │
│                                                                              │
│                                                                              │
└──────────────────────────────────────────────────────────────────────────────┘
