---
source: pgtrickle-tui/src/views/mod.rs
expression: output
---
┌ Refresh Log (2 entries) ─────────────────────────────────────────────────────┐
│2026-04-01 12:00:00  orders_live  DIFF  success  3ms                          │
│2026-04-01 11:59:55  revenue_daily  DIFF  error  1ms                          │
│                                                                              │
│                                                                              │
│                                                                              │
│                                                                              │
│                                                                              │
│                                                                              │
│                                                                              │
│                                                                              │
│                                                                              │
│                                                                              │
│                                                                              │
│                                                                              │
│                                                                              │
│                                                                              │
│                                                                              │
│                                                                              │
│                                                                              │
│                                                                              │
│                                                                              │
│                                                                              │
└──────────────────────────────────────────────────────────────────────────────┘
