---
source: pgtrickle-tui/src/views/mod.rs
expression: output
---
┌ Alerts (1) ──────────────────────────────────────────────────────────────────┐
│Sev Time       Event        Table              Metric       Context           │
│                                                                              │
│⚠   12:00:00   stale_data   public.orders_live ratio=2.50×  staleness=12.5s   │
│                                                                              │
│                                                                              │
│                                                                              │
│                                                                              │
│                                                                              │
│                                                                              │
│                                                                              │
│                                                                              │
│                                                                              │
│                                                                              │
│                                                                              │
│                                                                              │
│                                                                              │
│                                                                              │
│                                                                              │
│                                                                              │
│                                                                              │
│                                                                              │
│                                                                              │
└──────────────────────────────────────────────────────────────────────────────┘
