---
source: pgtrickle-tui/src/views/mod.rs
expression: output
---
┌ Worker Pool ─────────────────────────────────────────────────────────────────────────────────────┐
│ Active workers: 1/4   Per-DB cap: 8   Parallel mode: on                                          │
└──────────────────────────────────────────────────────────────────────────────────────────────────┘
┌ Parallel Jobs (0 running / 1 total) ─────────────────────────────────────────────────────────────┐
│Job ID    Unit Key        Kind         Status     Members  Worker PID  Started        Duration    │
│                                                                                                  │
│1001      fc:1,2          fused_chain  SUCCEEDED  2        74052       2026-04-01 12: 35.0ms      │
│                                                                                                  │
│                                                                                                  │
│                                                                                                  │
│                                                                                                  │
│                                                                                                  │
│                                                                                                  │
│                                                                                                  │
│                                                                                                  │
│                                                                                                  │
│                                                                                                  │
│                                                                                                  │
│                                                                                                  │
│                                                                                                  │
│                                                                                                  │
│                                                                                                  │
│                                                                                                  │
└──────────────────────────────────────────────────────────────────────────────────────────────────┘
