---
source: pgtrickle-tui/src/views/mod.rs
expression: output
---
┌──────────────────────────────────────────────────────────────────────────────┐
│ Delta Inspector — select a stream table on Dashboard                         │
└──────────────────────────────────────────────────────────────────────────────┘
┌ Delta SQL ───────────────────────────────────────────────────────────────────┐
│                                                                              │
│ No stream table selected. Press 1 to go to Dashboard, select a table, then   │
│press d.                                                                      │
│                                                                              │
│                                                                              │
│                                                                              │
│                                                                              │
│                                                                              │
│                                                                              │
│                                                                              │
│                                                                              │
│                                                                              │
│                                                                              │
│                                                                              │
│                                                                              │
│                                                                              │
│                                                                              │
│                                                                              │
│                                                                              │
└──────────────────────────────────────────────────────────────────────────────┘
