---
source: pgtrickle-tui/src/views/mod.rs
expression: output
---
┌ [Tab 1] Watermark Groups (1 groups) — Tab to switch ─────────────────────────────────────────────┐
│Group                  Sources     Tolerance (s)        Created At                                │
│                                                                                                  │
│default                3           5.0                  2026-04-01 12:00:00                       │
│                                                                                                  │
│                                                                                                  │
│                                                                                                  │
│                                                                                                  │
│                                                                                                  │
│                                                                                                  │
│                                                                                                  │
│                                                                                                  │
│                                                                                                  │
│                                                                                                  │
│                                                                                                  │
│                                                                                                  │
│                                                                                                  │
│                                                                                                  │
│                                                                                                  │
│                                                                                                  │
│                                                                                                  │
│                                                                                                  │
│                                                                                                  │
└──────────────────────────────────────────────────────────────────────────────────────────────────┘
