---
source: pgtrickle-tui/src/views/mod.rs
expression: output
---
┌ Alerts (1) ──────────────────────────────────────────────────────────────────┐
│⚠ 12:00:00 Refresh failed for orders_live                                     │
│                                                                              │
│                                                                              │
│                                                                              │
│                                                                              │
│                                                                              │
│                                                                              │
│                                                                              │
│                                                                              │
│                                                                              │
│                                                                              │
│                                                                              │
│                                                                              │
│                                                                              │
│                                                                              │
│                                                                              │
│                                                                              │
│                                                                              │
│                                                                              │
│                                                                              │
│                                                                              │
│                                                                              │
└──────────────────────────────────────────────────────────────────────────────┘
