---
source: pgtrickle-tui/src/views/mod.rs
expression: output
---
┌ Fuse & Circuit Breaker (1 blown, 2 total) ───────────────────────────────────────────────────────┐
│Stream Table       Mode    Fuse Stat Ceiling  Blown At             Reason                         │
│                                                                                                  │
│revenue_daily      auto    ✗ BLOWN   5        2026-04-01 11:58:00  division by zero               │
│orders_live        off     ✓ armed   -        -                    -                              │
│                                                                                                  │
│                                                                                                  │
│                                                                                                  │
│                                                                                                  │
│                                                                                                  │
│                                                                                                  │
│                                                                                                  │
│                                                                                                  │
└──────────────────────────────────────────────────────────────────────────────────────────────────┘
┌ Fuse Detail ─────────────────────────────────────────────────────────────────────────────────────┐
│ Table: revenue_daily                                                                             │
│ Mode: auto                                                                                       │
│ State: BLOWN                                                                                     │
│ Ceiling: 5                                                                                       │
│ Blown At: 2026-04-01 11:58:00                                                                    │
│ Blow Reason: division by zero                                                                    │
│                                                                                                  │
│ To reset: SELECT pgtrickle.reset_fuse('<table>');                                                │
└──────────────────────────────────────────────────────────────────────────────────────────────────┘
