---
source: pgtrickle-tui/src/views/mod.rs
expression: output
---
┌ Workers (1/2 active) ────────────────────────────────────────────────────────────────────────────┐
│Worker       State          Table                      Started                Duration            │
│                                                                                                  │
│#1           busy           orders_live                2026-04-01 12:00:00    3ms                 │
│#2           idle           -                          -                                          │
│                                                                                                  │
│                                                                                                  │
│                                                                                                  │
│                                                                                                  │
│                                                                                                  │
│                                                                                                  │
│                                                                                                  │
└──────────────────────────────────────────────────────────────────────────────────────────────────┘
┌ Job Queue (1) ───────────────────────────────────────────────────────────────────────────────────┐
│#        Table                       Priority        Queued At                Wait                │
│                                                                                                  │
│1        inventory_snap              10              2026-04-01 12:00:01      500ms               │
│                                                                                                  │
│                                                                                                  │
│                                                                                                  │
│                                                                                                  │
│                                                                                                  │
│                                                                                                  │
└──────────────────────────────────────────────────────────────────────────────────────────────────┘
