---
source: pgtrickle-tui/src/views/mod.rs
expression: output
---
┌ Watermarks & Source Gating (1 groups, 0 gated) ──────────────────────────────────────────────────┐
│Group                 Members     Min Watermark           Max Watermark          Gated            │
│                                                                                                  │
│default               3           2026-04-01 11:59:50     2026-04-01 12:00:00    ✓ No             │
│                                                                                                  │
│                                                                                                  │
│                                                                                                  │
│                                                                                                  │
│                                                                                                  │
│                                                                                                  │
│                                                                                                  │
│                                                                                                  │
│                                                                                                  │
│                                                                                                  │
│                                                                                                  │
│                                                                                                  │
│                                                                                                  │
│                                                                                                  │
│                                                                                                  │
│                                                                                                  │
│                                                                                                  │
│                                                                                                  │
│                                                                                                  │
└──────────────────────────────────────────────────────────────────────────────────────────────────┘
